Archive member included because of file (symbol)

c:/winavr-20100110/bin/../lib/gcc/avr/4.3.3/avr5\libgcc.a(_udivmodhi4.o)
                              ./mc2.o (__udivmodhi4)
c:/winavr-20100110/bin/../lib/gcc/avr/4.3.3/avr5\libgcc.a(_udivmodsi4.o)
                              ./uart.o (__udivmodsi4)
c:/winavr-20100110/bin/../lib/gcc/avr/4.3.3/avr5\libgcc.a(_exit.o)
                              c:/winavr-20100110/bin/../lib/gcc/avr/4.3.3/../../../../avr/lib/avr5/crtm16.o (exit)
c:/winavr-20100110/bin/../lib/gcc/avr/4.3.3/avr5\libgcc.a(_copy_data.o)
                              ./mc2.o (__do_copy_data)
c:/winavr-20100110/bin/../lib/gcc/avr/4.3.3/avr5\libgcc.a(_clear_bss.o)
                              ./mc2.o (__do_clear_bss)

Memory Configuration

Name             Origin             Length             Attributes
text             0x00000000         0x00020000         xr
data             0x00800060         0x0000ffa0         rw !x
eeprom           0x00810000         0x00010000         rw !x
fuse             0x00820000         0x00000400         rw !x
lock             0x00830000         0x00000400         rw !x
signature        0x00840000         0x00000400         rw !x
*default*        0x00000000         0xffffffff

Linker script and memory map

LOAD c:/winavr-20100110/bin/../lib/gcc/avr/4.3.3/../../../../avr/lib/avr5/crtm16.o
LOAD ./buzzer.o
LOAD ./dcmotor.o
LOAD ./external_eeprom.o
LOAD ./gpio.o
LOAD ./mc2.o
LOAD ./timer.o
LOAD ./twi.o
LOAD ./uart.o
LOAD c:/winavr-20100110/bin/../lib/gcc/avr/4.3.3/avr5\libgcc.a
LOAD c:/winavr-20100110/bin/../lib/gcc/avr/4.3.3/../../../../avr/lib/avr5\libc.a
LOAD c:/winavr-20100110/bin/../lib/gcc/avr/4.3.3/avr5\libgcc.a

.hash
 *(.hash)

.dynsym
 *(.dynsym)

.dynstr
 *(.dynstr)

.gnu.version
 *(.gnu.version)

.gnu.version_d
 *(.gnu.version_d)

.gnu.version_r
 *(.gnu.version_r)

.rel.init
 *(.rel.init)

.rela.init
 *(.rela.init)

.rel.text
 *(.rel.text)
 *(.rel.text.*)
 *(.rel.gnu.linkonce.t*)

.rela.text
 *(.rela.text)
 *(.rela.text.*)
 *(.rela.gnu.linkonce.t*)

.rel.fini
 *(.rel.fini)

.rela.fini
 *(.rela.fini)

.rel.rodata
 *(.rel.rodata)
 *(.rel.rodata.*)
 *(.rel.gnu.linkonce.r*)

.rela.rodata
 *(.rela.rodata)
 *(.rela.rodata.*)
 *(.rela.gnu.linkonce.r*)

.rel.data
 *(.rel.data)
 *(.rel.data.*)
 *(.rel.gnu.linkonce.d*)

.rela.data
 *(.rela.data)
 *(.rela.data.*)
 *(.rela.gnu.linkonce.d*)

.rel.ctors
 *(.rel.ctors)

.rela.ctors
 *(.rela.ctors)

.rel.dtors
 *(.rel.dtors)

.rela.dtors
 *(.rela.dtors)

.rel.got
 *(.rel.got)

.rela.got
 *(.rela.got)

.rel.bss
 *(.rel.bss)

.rela.bss
 *(.rela.bss)

.rel.plt
 *(.rel.plt)

.rela.plt
 *(.rela.plt)

.text           0x00000000     0x17a6
 *(.vectors)
 .vectors       0x00000000       0x54 c:/winavr-20100110/bin/../lib/gcc/avr/4.3.3/../../../../avr/lib/avr5/crtm16.o
                0x00000000                __vectors
                0x00000000                __vector_default
 *(.vectors)
 *(.progmem.gcc*)
 *(.progmem*)
                0x00000054                . = ALIGN (0x2)
                0x00000054                __trampolines_start = .
 *(.trampolines)
 .trampolines   0x00000054        0x0 linker stubs
 *(.trampolines*)
                0x00000054                __trampolines_end = .
 *(.jumptables)
 *(.jumptables*)
 *(.lowtext)
 *(.lowtext*)
                0x00000054                __ctors_start = .
 *(.ctors)
                0x00000054                __ctors_end = .
                0x00000054                __dtors_start = .
 *(.dtors)
                0x00000054                __dtors_end = .
 SORT(*)(.ctors)
 SORT(*)(.dtors)
 *(.init0)
 .init0         0x00000054        0x0 c:/winavr-20100110/bin/../lib/gcc/avr/4.3.3/../../../../avr/lib/avr5/crtm16.o
                0x00000054                __init
 *(.init0)
 *(.init1)
 *(.init1)
 *(.init2)
 .init2         0x00000054        0xc c:/winavr-20100110/bin/../lib/gcc/avr/4.3.3/../../../../avr/lib/avr5/crtm16.o
 *(.init2)
 *(.init3)
 *(.init3)
 *(.init4)
 .init4         0x00000060       0x16 c:/winavr-20100110/bin/../lib/gcc/avr/4.3.3/avr5\libgcc.a(_copy_data.o)
                0x00000060                __do_copy_data
 .init4         0x00000076       0x10 c:/winavr-20100110/bin/../lib/gcc/avr/4.3.3/avr5\libgcc.a(_clear_bss.o)
                0x00000076                __do_clear_bss
 *(.init4)
 *(.init5)
 *(.init5)
 *(.init6)
 *(.init6)
 *(.init7)
 *(.init7)
 *(.init8)
 *(.init8)
 *(.init9)
 .init9         0x00000086        0x8 c:/winavr-20100110/bin/../lib/gcc/avr/4.3.3/../../../../avr/lib/avr5/crtm16.o
 *(.init9)
 *(.text)
 .text          0x0000008e        0x4 c:/winavr-20100110/bin/../lib/gcc/avr/4.3.3/../../../../avr/lib/avr5/crtm16.o
                0x0000008e                __vector_1
                0x0000008e                __vector_12
                0x0000008e                __bad_interrupt
                0x0000008e                __vector_11
                0x0000008e                __vector_13
                0x0000008e                __vector_17
                0x0000008e                __vector_7
                0x0000008e                __vector_5
                0x0000008e                __vector_2
                0x0000008e                __vector_15
                0x0000008e                __vector_14
                0x0000008e                __vector_10
                0x0000008e                __vector_16
                0x0000008e                __vector_18
                0x0000008e                __vector_20
 .text          0x00000092        0x0 ./buzzer.o
 .text          0x00000092        0x0 ./dcmotor.o
 .text          0x00000092        0x0 ./external_eeprom.o
 .text          0x00000092        0x0 ./gpio.o
 .text          0x00000092        0x0 ./mc2.o
 .text          0x00000092        0x0 ./timer.o
 .text          0x00000092        0x0 ./twi.o
 .text          0x00000092        0x0 ./uart.o
 .text          0x00000092        0x0 c:/winavr-20100110/bin/../lib/gcc/avr/4.3.3/avr5\libgcc.a(_udivmodhi4.o)
 .text          0x00000092        0x0 c:/winavr-20100110/bin/../lib/gcc/avr/4.3.3/avr5\libgcc.a(_udivmodsi4.o)
 .text          0x00000092        0x0 c:/winavr-20100110/bin/../lib/gcc/avr/4.3.3/avr5\libgcc.a(_exit.o)
 .text          0x00000092        0x0 c:/winavr-20100110/bin/../lib/gcc/avr/4.3.3/avr5\libgcc.a(_copy_data.o)
 .text          0x00000092        0x0 c:/winavr-20100110/bin/../lib/gcc/avr/4.3.3/avr5\libgcc.a(_clear_bss.o)
                0x00000092                . = ALIGN (0x2)
 *(.text.*)
 .text.Buzzer_init
                0x00000092       0x18 ./buzzer.o
                0x00000092                Buzzer_init
 .text.Buzzer_on
                0x000000aa       0x18 ./buzzer.o
                0x000000aa                Buzzer_on
 .text.Buzzer_off
                0x000000c2       0x18 ./buzzer.o
                0x000000c2                Buzzer_off
 .text.DcMotor_Init
                0x000000da       0x36 ./dcmotor.o
                0x000000da                DcMotor_Init
 .text.DcMotor_Rotate
                0x00000110       0x80 ./dcmotor.o
                0x00000110                DcMotor_Rotate
 .text.EEPROM_writeByte
                0x00000190       0x82 ./external_eeprom.o
                0x00000190                EEPROM_writeByte
 .text.EEPROM_readByte
                0x00000212       0xc0 ./external_eeprom.o
                0x00000212                EEPROM_readByte
 .text.GPIO_setupPinDirection
                0x000002d2      0x1d6 ./gpio.o
                0x000002d2                GPIO_setupPinDirection
 .text.GPIO_writePin
                0x000004a8      0x1d6 ./gpio.o
                0x000004a8                GPIO_writePin
 .text.GPIO_readPin
                0x0000067e      0x136 ./gpio.o
                0x0000067e                GPIO_readPin
 .text.GPIO_setupPortDirection
                0x000007b4       0x88 ./gpio.o
                0x000007b4                GPIO_setupPortDirection
 .text.GPIO_writePort
                0x0000083c       0x88 ./gpio.o
                0x0000083c                GPIO_writePort
 .text.GPIO_readPort
                0x000008c4       0x8a ./gpio.o
                0x000008c4                GPIO_readPort
 .text.delay    0x0000094e       0xb2 ./mc2.o
                0x0000094e                delay
 .text.startDelay
                0x00000a00       0x3c ./mc2.o
                0x00000a00                startDelay
 .text.Save_EEPROM
                0x00000a3c       0xe2 ./mc2.o
                0x00000a3c                Save_EEPROM
 .text.Check_Password
                0x00000b1e       0xc2 ./mc2.o
                0x00000b1e                Check_Password
 .text.buzzer_Alarm
                0x00000be0       0x22 ./mc2.o
                0x00000be0                buzzer_Alarm
 .text.open_Door
                0x00000c02       0x42 ./mc2.o
                0x00000c02                open_Door
 .text.main     0x00000c44       0x96 ./mc2.o
                0x00000c44                main
 .text.__vector_9
                0x00000cda       0x66 ./timer.o
                0x00000cda                __vector_9
 .text.__vector_19
                0x00000d40       0x66 ./timer.o
                0x00000d40                __vector_19
 .text.__vector_8
                0x00000da6       0x66 ./timer.o
                0x00000da6                __vector_8
 .text.__vector_6
                0x00000e0c       0x66 ./timer.o
                0x00000e0c                __vector_6
 .text.__vector_4
                0x00000e72       0x66 ./timer.o
                0x00000e72                __vector_4
 .text.__vector_3
                0x00000ed8       0x66 ./timer.o
                0x00000ed8                __vector_3
 .text.Timer_init
                0x00000f3e      0x2e6 ./timer.o
                0x00000f3e                Timer_init
 .text.Timer_setCallBack
                0x00001224       0x58 ./timer.o
                0x00001224                Timer_setCallBack
 .text.Timer_DeInit
                0x0000127c       0x94 ./timer.o
                0x0000127c                Timer_DeInit
 .text.TWI_init
                0x00001310       0x50 ./twi.o
                0x00001310                TWI_init
 .text.TWI_start
                0x00001360       0x20 ./twi.o
                0x00001360                TWI_start
 .text.TWI_stop
                0x00001380       0x16 ./twi.o
                0x00001380                TWI_stop
 .text.TWI_writeByte
                0x00001396       0x2e ./twi.o
                0x00001396                TWI_writeByte
 .text.TWI_readByteWithACK
                0x000013c4       0x26 ./twi.o
                0x000013c4                TWI_readByteWithACK
 .text.TWI_readByteWithNACK
                0x000013ea       0x26 ./twi.o
                0x000013ea                TWI_readByteWithNACK
 .text.TWI_getStatus
                0x00001410       0x1e ./twi.o
                0x00001410                TWI_getStatus
 .text.UART_init
                0x0000142e      0x1e0 ./uart.o
                0x0000142e                UART_init
 .text.UART_sendByte
                0x0000160e       0x2e ./uart.o
                0x0000160e                UART_sendByte
 .text.UART_recieveByte
                0x0000163c       0x1e ./uart.o
                0x0000163c                UART_recieveByte
 .text.UART_sendString
                0x0000165a       0x68 ./uart.o
                0x0000165a                UART_sendString
 .text.UART_receiveString
                0x000016c2       0x74 ./uart.o
                0x000016c2                UART_receiveString
 .text.libgcc   0x00001736       0x28 c:/winavr-20100110/bin/../lib/gcc/avr/4.3.3/avr5\libgcc.a(_udivmodhi4.o)
                0x00001736                __udivmodhi4
 .text.libgcc   0x0000175e       0x44 c:/winavr-20100110/bin/../lib/gcc/avr/4.3.3/avr5\libgcc.a(_udivmodsi4.o)
                0x0000175e                __udivmodsi4
 .text.libgcc   0x000017a2        0x0 c:/winavr-20100110/bin/../lib/gcc/avr/4.3.3/avr5\libgcc.a(_exit.o)
 .text.libgcc   0x000017a2        0x0 c:/winavr-20100110/bin/../lib/gcc/avr/4.3.3/avr5\libgcc.a(_copy_data.o)
 .text.libgcc   0x000017a2        0x0 c:/winavr-20100110/bin/../lib/gcc/avr/4.3.3/avr5\libgcc.a(_clear_bss.o)
                0x000017a2                . = ALIGN (0x2)
 *(.fini9)
 .fini9         0x000017a2        0x0 c:/winavr-20100110/bin/../lib/gcc/avr/4.3.3/avr5\libgcc.a(_exit.o)
                0x000017a2                exit
                0x000017a2                _exit
 *(.fini9)
 *(.fini8)
 *(.fini8)
 *(.fini7)
 *(.fini7)
 *(.fini6)
 *(.fini6)
 *(.fini5)
 *(.fini5)
 *(.fini4)
 *(.fini4)
 *(.fini3)
 *(.fini3)
 *(.fini2)
 *(.fini2)
 *(.fini1)
 *(.fini1)
 *(.fini0)
 .fini0         0x000017a2        0x4 c:/winavr-20100110/bin/../lib/gcc/avr/4.3.3/avr5\libgcc.a(_exit.o)
 *(.fini0)
                0x000017a6                _etext = .

.data           0x00800060       0x10 load address 0x000017a6
                0x00800060                PROVIDE (__data_start, .)
 *(.data)
 .data          0x00800060        0x0 c:/winavr-20100110/bin/../lib/gcc/avr/4.3.3/../../../../avr/lib/avr5/crtm16.o
 .data          0x00800060        0x0 ./buzzer.o
 .data          0x00800060        0x0 ./dcmotor.o
 .data          0x00800060        0x0 ./external_eeprom.o
 .data          0x00800060        0x0 ./gpio.o
 .data          0x00800060        0x0 ./mc2.o
 .data          0x00800060        0x0 ./timer.o
 .data          0x00800060        0x0 ./twi.o
 .data          0x00800060        0x0 ./uart.o
 .data          0x00800060        0x0 c:/winavr-20100110/bin/../lib/gcc/avr/4.3.3/avr5\libgcc.a(_udivmodhi4.o)
 .data          0x00800060        0x0 c:/winavr-20100110/bin/../lib/gcc/avr/4.3.3/avr5\libgcc.a(_udivmodsi4.o)
 .data          0x00800060        0x0 c:/winavr-20100110/bin/../lib/gcc/avr/4.3.3/avr5\libgcc.a(_exit.o)
 .data          0x00800060        0x0 c:/winavr-20100110/bin/../lib/gcc/avr/4.3.3/avr5\libgcc.a(_copy_data.o)
 .data          0x00800060        0x0 c:/winavr-20100110/bin/../lib/gcc/avr/4.3.3/avr5\libgcc.a(_clear_bss.o)
 *(.data*)
 *(.rodata)
 *(.rodata*)
 .rodata.C.1.1377
                0x00800060        0x7 ./mc2.o
 .rodata.C.12.1465
                0x00800067        0x9 ./mc2.o
 *(.gnu.linkonce.d*)
                0x00800070                . = ALIGN (0x2)
                0x00800070                _edata = .
                0x00800070                PROVIDE (__data_end, .)

.bss            0x00800070        0xb
                0x00800070                PROVIDE (__bss_start, .)
 *(.bss)
 .bss           0x00800070        0x0 c:/winavr-20100110/bin/../lib/gcc/avr/4.3.3/../../../../avr/lib/avr5/crtm16.o
 .bss           0x00800070        0x0 ./buzzer.o
 .bss           0x00800070        0x0 ./dcmotor.o
 .bss           0x00800070        0x0 ./external_eeprom.o
 .bss           0x00800070        0x0 ./gpio.o
 .bss           0x00800070        0x0 ./mc2.o
 .bss           0x00800070        0x0 ./timer.o
 .bss           0x00800070        0x0 ./twi.o
 .bss           0x00800070        0x0 ./uart.o
 .bss           0x00800070        0x0 c:/winavr-20100110/bin/../lib/gcc/avr/4.3.3/avr5\libgcc.a(_udivmodhi4.o)
 .bss           0x00800070        0x0 c:/winavr-20100110/bin/../lib/gcc/avr/4.3.3/avr5\libgcc.a(_udivmodsi4.o)
 .bss           0x00800070        0x0 c:/winavr-20100110/bin/../lib/gcc/avr/4.3.3/avr5\libgcc.a(_exit.o)
 .bss           0x00800070        0x0 c:/winavr-20100110/bin/../lib/gcc/avr/4.3.3/avr5\libgcc.a(_copy_data.o)
 .bss           0x00800070        0x0 c:/winavr-20100110/bin/../lib/gcc/avr/4.3.3/avr5\libgcc.a(_clear_bss.o)
 *(.bss*)
 .bss.flag_Check
                0x00800070        0x1 ./mc2.o
                0x00800070                flag_Check
 .bss.g_Tick    0x00800071        0x2 ./mc2.o
                0x00800071                g_Tick
 .bss.final_Tick
                0x00800073        0x2 ./mc2.o
                0x00800073                final_Tick
 .bss.g_callBackPtr0
                0x00800075        0x2 ./timer.o
 .bss.g_callBackPtr1
                0x00800077        0x2 ./timer.o
 .bss.g_callBackPtr2
                0x00800079        0x2 ./timer.o
 *(COMMON)
                0x0080007b                PROVIDE (__bss_end, .)
                0x000017a6                __data_load_start = LOADADDR (.data)
                0x000017b6                __data_load_end = (__data_load_start + SIZEOF (.data))

.noinit         0x0080007b        0x0
                0x0080007b                PROVIDE (__noinit_start, .)
 *(.noinit*)
                0x0080007b                PROVIDE (__noinit_end, .)
                0x0080007b                _end = .
                0x0080007b                PROVIDE (__heap_start, .)

.eeprom         0x00810000        0x0
 *(.eeprom*)
                0x00810000                __eeprom_end = .

.fuse
 *(.fuse)
 *(.lfuse)
 *(.hfuse)
 *(.efuse)

.lock
 *(.lock*)

.signature
 *(.signature*)

.stab           0x00000000     0x24f0
 *(.stab)
 .stab          0x00000000      0x258 ./buzzer.o
 .stab          0x00000258      0x1f8 ./dcmotor.o
                                0x2d0 (size before relaxing)
 .stab          0x00000450      0x348 ./external_eeprom.o
                                0x3e4 (size before relaxing)
 .stab          0x00000798      0x798 ./gpio.o
                                0x870 (size before relaxing)
 .stab          0x00000f30      0x7bc ./mc2.o
                                0xa5c (size before relaxing)
 .stab          0x000016ec      0x6cc ./timer.o
                                0x9b4 (size before relaxing)
 .stab          0x00001db8      0x33c ./twi.o
                                0x5b8 (size before relaxing)
 .stab          0x000020f4      0x3fc ./uart.o
                                0x6d8 (size before relaxing)

.stabstr        0x00000000     0x1402
 *(.stabstr)
 .stabstr       0x00000000     0x1402 ./buzzer.o

.stab.excl
 *(.stab.excl)

.stab.exclstr
 *(.stab.exclstr)

.stab.index
 *(.stab.index)

.stab.indexstr
 *(.stab.indexstr)

.comment
 *(.comment)

.debug
 *(.debug)

.line
 *(.line)

.debug_srcinfo
 *(.debug_srcinfo)

.debug_sfnames
 *(.debug_sfnames)

.debug_aranges
 *(.debug_aranges)

.debug_pubnames
 *(.debug_pubnames)

.debug_info
 *(.debug_info)
 *(.gnu.linkonce.wi.*)

.debug_abbrev
 *(.debug_abbrev)

.debug_line
 *(.debug_line)

.debug_frame
 *(.debug_frame)

.debug_str
 *(.debug_str)

.debug_loc
 *(.debug_loc)

.debug_macinfo
 *(.debug_macinfo)
OUTPUT(MC2.elf elf32-avr)
LOAD linker stubs
